.next/dev/types/validator.ts(117,31): error TS2344: Type 'typeof import("C:/Users/usuario/OneDrive/Escritorio/joa/APP/app/api/customers/[id]/route")' does not satisfy the constraint 'RouteHandlerConfig<"/api/customers/[id]">'.
  Types of property 'PUT' are incompatible.
    Type '(request: Request, { params }: { params: { id: string; }; }) => Promise<NextResponse<any>>' is not assignable to type '(request: NextRequest, context: { params: Promise<{ id: string; }>; }) => void | Response | Promise<void | Response>'.
      Types of parameters '__1' and 'context' are incompatible.
        Type '{ params: Promise<{ id: string; }>; }' is not assignable to type '{ params: { id: string; }; }'.
          Types of property 'params' are incompatible.
            Property 'id' is missing in type 'Promise<{ id: string; }>' but required in type '{ id: string; }'.
.next/types/validator.ts(117,31): error TS2344: Type 'typeof import("C:/Users/usuario/OneDrive/Escritorio/joa/APP/app/api/customers/[id]/route")' does not satisfy the constraint 'RouteHandlerConfig<"/api/customers/[id]">'.
  Types of property 'PUT' are incompatible.
    Type '(request: Request, { params }: { params: { id: string; }; }) => Promise<NextResponse<any>>' is not assignable to type '(request: NextRequest, context: { params: Promise<{ id: string; }>; }) => void | Response | Promise<void | Response>'.
      Types of parameters '__1' and 'context' are incompatible.
        Type '{ params: Promise<{ id: string; }>; }' is not assignable to type '{ params: { id: string; }; }'.
          Types of property 'params' are incompatible.
            Property 'id' is missing in type 'Promise<{ id: string; }>' but required in type '{ id: string; }'.
app/api/mcp/[transport]/route.ts(22,9): error TS2353: Object literal may only specify known properties, and 'name' does not exist in type 'ServerOptions'.
app/dashboard/products/manage-product-dialog.tsx(77,9): error TS2322: Type 'Resolver<{ name: string; price: unknown; description?: string | undefined; stock?: unknown; is_dtf?: boolean | undefined; }, any, { name: string; price: number; stock: number; is_dtf: boolean; description?: string | undefined; }>' is not assignable to type 'Resolver<{ name: string; price: number; stock: number; is_dtf: boolean; description?: string | undefined; }, any, { name: string; price: number; stock: number; is_dtf: boolean; description?: string | undefined; }>'.
  Types of parameters 'options' and 'options' are incompatible.
    Type 'ResolverOptions<{ name: string; price: number; stock: number; is_dtf: boolean; description?: string | undefined; }>' is not assignable to type 'ResolverOptions<{ name: string; price: unknown; description?: string | undefined; stock?: unknown; is_dtf?: boolean | undefined; }>'.
      Type 'unknown' is not assignable to type 'number'.
app/dashboard/products/manage-product-dialog.tsx(179,55): error TS2345: Argument of type '(values: { name: string; price: number; stock: number; is_dtf: boolean; description?: string | undefined; }) => Promise<void>' is not assignable to parameter of type 'SubmitHandler<TFieldValues>'.
  Types of parameters 'values' and 'data' are incompatible.
    Type 'TFieldValues' is not assignable to type '{ name: string; price: number; stock: number; is_dtf: boolean; description?: string | undefined; }'.
      Type 'FieldValues' is missing the following properties from type '{ name: string; price: number; stock: number; is_dtf: boolean; description?: string | undefined; }': name, price, stock, is_dtf
app/dashboard/products/manage-product-dialog.tsx(181,29): error TS2322: Type 'Control<{ name: string; price: number; stock: number; is_dtf: boolean; description?: string | undefined; }, any, TFieldValues>' is not assignable to type 'Control<{ name: string; price: number; stock: number; is_dtf: boolean; description?: string | undefined; }, any, { name: string; price: number; stock: number; is_dtf: boolean; description?: string | undefined; }>'.
  The types of '_options.resolver' are incompatible between these types.
    Type 'Resolver<{ name: string; price: number; stock: number; is_dtf: boolean; description?: string | undefined; }, any, TFieldValues> | undefined' is not assignable to type 'Resolver<{ name: string; price: number; stock: number; is_dtf: boolean; description?: string | undefined; }, any, { name: string; price: number; stock: number; is_dtf: boolean; description?: string | undefined; }> | undefined'.
      Type 'Resolver<{ name: string; price: number; stock: number; is_dtf: boolean; description?: string | undefined; }, any, TFieldValues>' is not assignable to type 'Resolver<{ name: string; price: number; stock: number; is_dtf: boolean; description?: string | undefined; }, any, { name: string; price: number; stock: number; is_dtf: boolean; description?: string | undefined; }>'.
        Type 'ResolverResult<{ name: string; price: number; stock: number; is_dtf: boolean; description?: string | undefined; }, TFieldValues> | Promise<ResolverResult<{ name: string; price: number; stock: number; is_dtf: boolean; description?: string | undefined; }, TFieldValues>>' is not assignable to type 'ResolverResult<{ name: string; price: number; stock: number; is_dtf: boolean; description?: string | undefined; }, { name: string; price: number; stock: number; is_dtf: boolean; description?: string | undefined; }> | Promise<...>'.
          Type 'ResolverSuccess<TFieldValues>' is not assignable to type 'ResolverResult<{ name: string; price: number; stock: number; is_dtf: boolean; description?: string | undefined; }, { name: string; price: number; stock: number; is_dtf: boolean; description?: string | undefined; }> | Promise<...>'.
            Type 'ResolverSuccess<TFieldValues>' is not assignable to type 'ResolverSuccess<{ name: string; price: number; stock: number; is_dtf: boolean; description?: string | undefined; }>'.
              Type 'TFieldValues' is not assignable to type '{ name: string; price: number; stock: number; is_dtf: boolean; description?: string | undefined; }'.
                Type 'FieldValues' is missing the following properties from type '{ name: string; price: number; stock: number; is_dtf: boolean; description?: string | undefined; }': name, price, stock, is_dtf
app/dashboard/products/manage-product-dialog.tsx(194,29): error TS2322: Type 'Control<{ name: string; price: number; stock: number; is_dtf: boolean; description?: string | undefined; }, any, TFieldValues>' is not assignable to type 'Control<{ name: string; price: number; stock: number; is_dtf: boolean; description?: string | undefined; }, any, { name: string; price: number; stock: number; is_dtf: boolean; description?: string | undefined; }>'.
  The types of '_options.resolver' are incompatible between these types.
    Type 'Resolver<{ name: string; price: number; stock: number; is_dtf: boolean; description?: string | undefined; }, any, TFieldValues> | undefined' is not assignable to type 'Resolver<{ name: string; price: number; stock: number; is_dtf: boolean; description?: string | undefined; }, any, { name: string; price: number; stock: number; is_dtf: boolean; description?: string | undefined; }> | undefined'.
      Type 'Resolver<{ name: string; price: number; stock: number; is_dtf: boolean; description?: string | undefined; }, any, TFieldValues>' is not assignable to type 'Resolver<{ name: string; price: number; stock: number; is_dtf: boolean; description?: string | undefined; }, any, { name: string; price: number; stock: number; is_dtf: boolean; description?: string | undefined; }>'.
        Type 'ResolverResult<{ name: string; price: number; stock: number; is_dtf: boolean; description?: string | undefined; }, TFieldValues> | Promise<ResolverResult<{ name: string; price: number; stock: number; is_dtf: boolean; description?: string | undefined; }, TFieldValues>>' is not assignable to type 'ResolverResult<{ name: string; price: number; stock: number; is_dtf: boolean; description?: string | undefined; }, { name: string; price: number; stock: number; is_dtf: boolean; description?: string | undefined; }> | Promise<...>'.
          Type 'ResolverSuccess<TFieldValues>' is not assignable to type 'ResolverResult<{ name: string; price: number; stock: number; is_dtf: boolean; description?: string | undefined; }, { name: string; price: number; stock: number; is_dtf: boolean; description?: string | undefined; }> | Promise<...>'.
            Type 'ResolverSuccess<TFieldValues>' is not assignable to type 'ResolverSuccess<{ name: string; price: number; stock: number; is_dtf: boolean; description?: string | undefined; }>'.
              Type 'TFieldValues' is not assignable to type '{ name: string; price: number; stock: number; is_dtf: boolean; description?: string | undefined; }'.
                Type 'FieldValues' is missing the following properties from type '{ name: string; price: number; stock: number; is_dtf: boolean; description?: string | undefined; }': name, price, stock, is_dtf
app/dashboard/products/manage-product-dialog.tsx(208,33): error TS2322: Type 'Control<{ name: string; price: number; stock: number; is_dtf: boolean; description?: string | undefined; }, any, TFieldValues>' is not assignable to type 'Control<{ name: string; price: number; stock: number; is_dtf: boolean; description?: string | undefined; }, any, { name: string; price: number; stock: number; is_dtf: boolean; description?: string | undefined; }>'.
  The types of '_options.resolver' are incompatible between these types.
    Type 'Resolver<{ name: string; price: number; stock: number; is_dtf: boolean; description?: string | undefined; }, any, TFieldValues> | undefined' is not assignable to type 'Resolver<{ name: string; price: number; stock: number; is_dtf: boolean; description?: string | undefined; }, any, { name: string; price: number; stock: number; is_dtf: boolean; description?: string | undefined; }> | undefined'.
      Type 'Resolver<{ name: string; price: number; stock: number; is_dtf: boolean; description?: string | undefined; }, any, TFieldValues>' is not assignable to type 'Resolver<{ name: string; price: number; stock: number; is_dtf: boolean; description?: string | undefined; }, any, { name: string; price: number; stock: number; is_dtf: boolean; description?: string | undefined; }>'.
        Type 'ResolverResult<{ name: string; price: number; stock: number; is_dtf: boolean; description?: string | undefined; }, TFieldValues> | Promise<ResolverResult<{ name: string; price: number; stock: number; is_dtf: boolean; description?: string | undefined; }, TFieldValues>>' is not assignable to type 'ResolverResult<{ name: string; price: number; stock: number; is_dtf: boolean; description?: string | undefined; }, { name: string; price: number; stock: number; is_dtf: boolean; description?: string | undefined; }> | Promise<...>'.
          Type 'ResolverSuccess<TFieldValues>' is not assignable to type 'ResolverResult<{ name: string; price: number; stock: number; is_dtf: boolean; description?: string | undefined; }, { name: string; price: number; stock: number; is_dtf: boolean; description?: string | undefined; }> | Promise<...>'.
            Type 'ResolverSuccess<TFieldValues>' is not assignable to type 'ResolverSuccess<{ name: string; price: number; stock: number; is_dtf: boolean; description?: string | undefined; }>'.
              Type 'TFieldValues' is not assignable to type '{ name: string; price: number; stock: number; is_dtf: boolean; description?: string | undefined; }'.
                Type 'FieldValues' is missing the following properties from type '{ name: string; price: number; stock: number; is_dtf: boolean; description?: string | undefined; }': name, price, stock, is_dtf
app/dashboard/products/manage-product-dialog.tsx(221,33): error TS2322: Type 'Control<{ name: string; price: number; stock: number; is_dtf: boolean; description?: string | undefined; }, any, TFieldValues>' is not assignable to type 'Control<{ name: string; price: number; stock: number; is_dtf: boolean; description?: string | undefined; }, any, { name: string; price: number; stock: number; is_dtf: boolean; description?: string | undefined; }>'.
  The types of '_options.resolver' are incompatible between these types.
    Type 'Resolver<{ name: string; price: number; stock: number; is_dtf: boolean; description?: string | undefined; }, any, TFieldValues> | undefined' is not assignable to type 'Resolver<{ name: string; price: number; stock: number; is_dtf: boolean; description?: string | undefined; }, any, { name: string; price: number; stock: number; is_dtf: boolean; description?: string | undefined; }> | undefined'.
      Type 'Resolver<{ name: string; price: number; stock: number; is_dtf: boolean; description?: string | undefined; }, any, TFieldValues>' is not assignable to type 'Resolver<{ name: string; price: number; stock: number; is_dtf: boolean; description?: string | undefined; }, any, { name: string; price: number; stock: number; is_dtf: boolean; description?: string | undefined; }>'.
        Type 'ResolverResult<{ name: string; price: number; stock: number; is_dtf: boolean; description?: string | undefined; }, TFieldValues> | Promise<ResolverResult<{ name: string; price: number; stock: number; is_dtf: boolean; description?: string | undefined; }, TFieldValues>>' is not assignable to type 'ResolverResult<{ name: string; price: number; stock: number; is_dtf: boolean; description?: string | undefined; }, { name: string; price: number; stock: number; is_dtf: boolean; description?: string | undefined; }> | Promise<...>'.
          Type 'ResolverSuccess<TFieldValues>' is not assignable to type 'ResolverResult<{ name: string; price: number; stock: number; is_dtf: boolean; description?: string | undefined; }, { name: string; price: number; stock: number; is_dtf: boolean; description?: string | undefined; }> | Promise<...>'.
            Type 'ResolverSuccess<TFieldValues>' is not assignable to type 'ResolverSuccess<{ name: string; price: number; stock: number; is_dtf: boolean; description?: string | undefined; }>'.
              Type 'TFieldValues' is not assignable to type '{ name: string; price: number; stock: number; is_dtf: boolean; description?: string | undefined; }'.
                Type 'FieldValues' is missing the following properties from type '{ name: string; price: number; stock: number; is_dtf: boolean; description?: string | undefined; }': name, price, stock, is_dtf
app/dashboard/products/manage-product-dialog.tsx(236,29): error TS2322: Type 'Control<{ name: string; price: number; stock: number; is_dtf: boolean; description?: string | undefined; }, any, TFieldValues>' is not assignable to type 'Control<{ name: string; price: number; stock: number; is_dtf: boolean; description?: string | undefined; }, any, { name: string; price: number; stock: number; is_dtf: boolean; description?: string | undefined; }>'.
  The types of '_options.resolver' are incompatible between these types.
    Type 'Resolver<{ name: string; price: number; stock: number; is_dtf: boolean; description?: string | undefined; }, any, TFieldValues> | undefined' is not assignable to type 'Resolver<{ name: string; price: number; stock: number; is_dtf: boolean; description?: string | undefined; }, any, { name: string; price: number; stock: number; is_dtf: boolean; description?: string | undefined; }> | undefined'.
      Type 'Resolver<{ name: string; price: number; stock: number; is_dtf: boolean; description?: string | undefined; }, any, TFieldValues>' is not assignable to type 'Resolver<{ name: string; price: number; stock: number; is_dtf: boolean; description?: string | undefined; }, any, { name: string; price: number; stock: number; is_dtf: boolean; description?: string | undefined; }>'.
        Type 'ResolverResult<{ name: string; price: number; stock: number; is_dtf: boolean; description?: string | undefined; }, TFieldValues> | Promise<ResolverResult<{ name: string; price: number; stock: number; is_dtf: boolean; description?: string | undefined; }, TFieldValues>>' is not assignable to type 'ResolverResult<{ name: string; price: number; stock: number; is_dtf: boolean; description?: string | undefined; }, { name: string; price: number; stock: number; is_dtf: boolean; description?: string | undefined; }> | Promise<...>'.
          Type 'ResolverSuccess<TFieldValues>' is not assignable to type 'ResolverResult<{ name: string; price: number; stock: number; is_dtf: boolean; description?: string | undefined; }, { name: string; price: number; stock: number; is_dtf: boolean; description?: string | undefined; }> | Promise<...>'.
            Type 'ResolverSuccess<TFieldValues>' is not assignable to type 'ResolverSuccess<{ name: string; price: number; stock: number; is_dtf: boolean; description?: string | undefined; }>'.
              Type 'TFieldValues' is not assignable to type '{ name: string; price: number; stock: number; is_dtf: boolean; description?: string | undefined; }'.
                Type 'FieldValues' is missing the following properties from type '{ name: string; price: number; stock: number; is_dtf: boolean; description?: string | undefined; }': name, price, stock, is_dtf
